[RESULT] Computation successful! Results:
[RESULT] x = 2
