[RESULT] Computation successful! Results:
[RESULT] x = 1
[RESULT] y = 2
