[RESULT] Computation successful! Results:
[RESULT] e = Case1 ()
[RESULT] f = Case1 2
[RESULT] x = 2
