[RESULT] Computation successful! Results:
[RESULT] x = Case1 2
[RESULT] y = 42
