[RESULT] Computation successful! Results:
[RESULT] x = Case3 ()
[RESULT] y = 31
