[ERROR] division by zero at runtime
[ERROR] 
[ERROR] The division operator:
[ERROR]   --> test_arithmetic/bad/division_by_zero.catala_en
[ERROR]    | 
[ERROR] 10 |   definition i equals 1 / 0
[ERROR]    |                         ^
[ERROR]    + `Division_by_zero` exception management
[ERROR]    +-+ with integers
[ERROR] 
[ERROR] The null denominator:
[ERROR]   --> test_arithmetic/bad/division_by_zero.catala_en
[ERROR]    | 
[ERROR] 10 |   definition i equals 1 / 0
[ERROR]    |                           ^
[ERROR]    + `Division_by_zero` exception management
[ERROR]    +-+ with integers
