[RESULT] Computation successful! Results:
[RESULT] bar = 1
[RESULT] foo = true
