[ERROR] This constructor name is ambiguous, it can belong to E or F. Desambiguate it by prefixing it with the enum name.
[ERROR] 
[ERROR]   --> test_enum/bad/ambiguous_cases.catala_en
[ERROR]    | 
[ERROR] 14 |   definition e equals Case1
[ERROR]    |                       ^^^^^
[ERROR]    + Article
