catala: option `-s' needs an argument
Usage: catala [OPTION]... BACKEND FILE
Try `catala --help' for more information.
