[ERROR] Cannot compare together durations that cannot be converted to a precise number of days
[ERROR] 
[ERROR]   --> test_date/bad/uncomparable_duration.catala_en
[ERROR]    | 
[ERROR] 40 |   definition d equals 1 month >=^ 2 day
[ERROR]    |                       ^^^^^^^
[ERROR]    + `UncomparableDurations` exception management
[ERROR]    +-+ `>=^` operator
[ERROR] 
[ERROR]   --> test_date/bad/uncomparable_duration.catala_en
[ERROR]    | 
[ERROR] 40 |   definition d equals 1 month >=^ 2 day
[ERROR]    |                                   ^^^^^
[ERROR]    + `UncomparableDurations` exception management
[ERROR]    +-+ `>=^` operator
