[RESULT] Computation successful! Results:
[RESULT] a = A {"x": 0, "y": B {"y": true, "z": 0.}}
[RESULT] b = B {"y": true, "z": 0.}
