[ERROR] Struct Fo has not been defined before
[ERROR] 
[ERROR]   --> test_struct/bad/nonexisting_struct.catala_en
[ERROR]    | 
[ERROR] 13 |   definition y equals x.Fo.f
[ERROR]    |                         ^^
[ERROR]    + Article
