[ERROR] Struct Fo has not been defined before
[ERROR] 
[ERROR]   --> test_struct/bad/nonexisting_struct.catala
[ERROR]    | 
[ERROR] 13 |   def y := x.Fo.f
[ERROR]    |              ^^
[ERROR]    + Article
