[RESULT] Computation successful! Results:
[RESULT] a = 42
[RESULT] b = true
