[RESULT] Computation successful! Results:
[RESULT] u = true
[RESULT] x = 0
