[RESULT] Computation successful! Results:
[RESULT] a = -1
[RESULT] a_base = 1
[RESULT] b = false
