[RESULT] Computation successful! Results:
[RESULT] x = Foo {"f": 1}
[RESULT] y = 1
