[RESULT] Computation successful! Results:
[RESULT] s = S {"x": 1, "y": 2}
[RESULT] z = 3
