[RESULT] Computation successful! Results:
[RESULT] max = $18.00
[RESULT] min = $5.00
[RESULT] y = $17.20
[RESULT] z = 1
