[RESULT] Computation successful! Results:
[RESULT] x = [0; 9; 64]
