[RESULT] Computation successful! Results:
[RESULT] d = 1.
[RESULT] d2 = 2968.5
[RESULT] x = 2019-01-01
[RESULT] y = 2002-09-30
[RESULT] z = true
[RESULT] z2 = true
[RESULT] z3 = 5937 days
