[ERROR] This exception can refer to several definitions. Try using labels to disambiguate
[ERROR] 
[ERROR] Ambiguous exception
[ERROR]   --> test_exception/bad/one_ambiguous_exception.catala_en
[ERROR]    | 
[ERROR] 16 |   definition y equals 4
[ERROR]    |                       
[ERROR] 17 | 
[ERROR]    | 
[ERROR] 18 |   exception
[ERROR]    |   ^^^^^^^^^
[ERROR] 19 |   definition y equals 3
[ERROR]    |   ^^^^^^^^^^^^^^^^^^^^^^
[ERROR]    + Test
[ERROR] 
[ERROR] Candidate definition
[ERROR]   --> test_exception/bad/one_ambiguous_exception.catala_en
[ERROR]    | 
[ERROR] 16 |   definition y equals 4
[ERROR]    |              ^
[ERROR]    + Test
[ERROR] 
[ERROR] Candidate definition
[ERROR]   --> test_exception/bad/one_ambiguous_exception.catala_en
[ERROR]    | 
[ERROR] 14 |   definition y equals 2
[ERROR]    |              ^
[ERROR]    + Test
